year  day  type     param_name=delta[,param_name=delta,...]
2016   92  irrig    envi.soilWater=2.80,fluxes.immedEvap=0.00
2016   96  irrig    envi.soilWater=2.80,fluxes.immedEvap=0.00
2016  100  irrig    envi.soilWater=2.80,fluxes.immedEvap=0.00
2016  104  irrig    envi.soilWater=2.80,fluxes.immedEvap=0.00
2016  108  irrig    envi.soilWater=2.80,fluxes.immedEvap=0.00
2016  112  irrig    envi.soilWater=2.80,fluxes.immedEvap=0.00
2016  116  irrig    envi.soilWater=2.80,fluxes.immedEvap=0.00
2016  120  irrig    envi.soilWater=2.80,fluxes.immedEvap=0.00
2016  124  irrig    envi.soilWater=2.80,fluxes.immedEvap=0.00
2016  128  irrig    envi.soilWater=2.80,fluxes.immedEvap=0.00
2016  132  irrig    envi.soilWater=2.80,fluxes.immedEvap=0.00
2016  136  irrig    envi.soilWater=2.80,fluxes.immedEvap=0.00
2016  140  irrig    envi.soilWater=2.80,fluxes.immedEvap=0.00
2016  144  irrig    envi.soilWater=2.80,fluxes.immedEvap=0.00
2016  148  irrig    envi.soilWater=2.80,fluxes.immedEvap=0.00
2016  152  irrig    envi.soilWater=2.80,fluxes.immedEvap=0.00
2016  156  irrig    envi.soilWater=2.80,fluxes.immedEvap=0.00
2016  160  irrig    envi.soilWater=2.80,fluxes.immedEvap=0.00
2016  164  irrig    envi.soilWater=2.80,fluxes.immedEvap=0.00
2016  168  irrig    envi.soilWater=2.80,fluxes.immedEvap=0.00
2016  172  irrig    envi.soilWater=2.80,fluxes.immedEvap=0.00
2016  176  irrig    envi.soilWater=2.80,fluxes.immedEvap=0.00
2016  180  irrig    envi.soilWater=2.80,fluxes.immedEvap=0.00
2016  184  irrig    envi.soilWater=2.80,fluxes.immedEvap=0.00
2016  188  irrig    envi.soilWater=2.80,fluxes.immedEvap=0.00
2016  192  irrig    envi.soilWater=2.80,fluxes.immedEvap=0.00
2016  196  irrig    envi.soilWater=2.80,fluxes.immedEvap=0.00
2016  200  irrig    envi.soilWater=2.80,fluxes.immedEvap=0.00
2016  204  irrig    envi.soilWater=2.80,fluxes.immedEvap=0.00
2016  208  irrig    envi.soilWater=2.80,fluxes.immedEvap=0.00
2016  212  irrig    envi.soilWater=2.80,fluxes.immedEvap=0.00
2016  216  irrig    envi.soilWater=2.80,fluxes.immedEvap=0.00
2016  220  irrig    envi.soilWater=2.80,fluxes.immedEvap=0.00
2016  224  irrig    envi.soilWater=2.80,fluxes.immedEvap=0.00
2016  228  irrig    envi.soilWater=2.80,fluxes.immedEvap=0.00
2016  232  irrig    envi.soilWater=2.80,fluxes.immedEvap=0.00
2016  236  irrig    envi.soilWater=2.80,fluxes.immedEvap=0.00
2016  240  irrig    envi.soilWater=2.80,fluxes.immedEvap=0.00
2016  244  irrig    envi.soilWater=2.80,fluxes.immedEvap=0.00
2016  248  irrig    envi.soilWater=2.80,fluxes.immedEvap=0.00
2016  252  irrig    envi.soilWater=2.80,fluxes.immedEvap=0.00
2016  256  irrig    envi.soilWater=2.80,fluxes.immedEvap=0.00
2016  260  irrig    envi.soilWater=2.80,fluxes.immedEvap=0.00
2016  264  irrig    envi.soilWater=2.80,fluxes.immedEvap=0.00
2016  268  irrig    envi.soilWater=2.80,fluxes.immedEvap=0.00
2016  272  irrig    envi.soilWater=2.80,fluxes.immedEvap=0.00
2016  276  irrig    envi.soilWater=2.80,fluxes.immedEvap=0.00
2016  280  irrig    envi.soilWater=2.80,fluxes.immedEvap=0.00
2016  284  irrig    envi.soilWater=2.80,fluxes.immedEvap=0.00
2016  288  irrig    envi.soilWater=2.80,fluxes.immedEvap=0.00
2016  292  irrig    envi.soilWater=2.80,fluxes.immedEvap=0.00
2016  296  irrig    envi.soilWater=2.80,fluxes.immedEvap=0.00
2016  300  irrig    envi.soilWater=2.80,fluxes.immedEvap=0.00
2016  304  irrig    envi.soilWater=2.80,fluxes.immedEvap=0.00
2017   92  irrig    envi.soilWater=2.80,fluxes.immedEvap=0.00
2017   96  irrig    envi.soilWater=2.80,fluxes.immedEvap=0.00
2017  100  irrig    envi.soilWater=2.80,fluxes.immedEvap=0.00
2017  104  irrig    envi.soilWater=2.80,fluxes.immedEvap=0.00
2017  108  irrig    envi.soilWater=2.80,fluxes.immedEvap=0.00
2017  112  irrig    envi.soilWater=2.80,fluxes.immedEvap=0.00
2017  116  irrig    envi.soilWater=2.80,fluxes.immedEvap=0.00
2017  120  irrig    envi.soilWater=2.80,fluxes.immedEvap=0.00
2017  124  irrig    envi.soilWater=2.80,fluxes.immedEvap=0.00
2017  128  irrig    envi.soilWater=2.80,fluxes.immedEvap=0.00
2017  132  irrig    envi.soilWater=2.80,fluxes.immedEvap=0.00
2017  136  irrig    envi.soilWater=2.80,fluxes.immedEvap=0.00
2017  140  irrig    envi.soilWater=2.80,fluxes.immedEvap=0.00
2017  144  irrig    envi.soilWater=2.80,fluxes.immedEvap=0.00
2017  148  irrig    envi.soilWater=2.80,fluxes.immedEvap=0.00
2017  152  irrig    envi.soilWater=2.80,fluxes.immedEvap=0.00
2017  156  irrig    envi.soilWater=2.80,fluxes.immedEvap=0.00
2017  160  irrig    envi.soilWater=2.80,fluxes.immedEvap=0.00
2017  164  irrig    envi.soilWater=2.80,fluxes.immedEvap=0.00
2017  168  irrig    envi.soilWater=2.80,fluxes.immedEvap=0.00
2017  172  irrig    envi.soilWater=2.80,fluxes.immedEvap=0.00
2017  176  irrig    envi.soilWater=2.80,fluxes.immedEvap=0.00
2017  180  irrig    envi.soilWater=2.80,fluxes.immedEvap=0.00
2017  184  irrig    envi.soilWater=2.80,fluxes.immedEvap=0.00
2017  188  irrig    envi.soilWater=2.80,fluxes.immedEvap=0.00
2017  192  irrig    envi.soilWater=2.80,fluxes.immedEvap=0.00
2017  196  irrig    envi.soilWater=2.80,fluxes.immedEvap=0.00
2017  200  irrig    envi.soilWater=2.80,fluxes.immedEvap=0.00
2017  204  irrig    envi.soilWater=2.80,fluxes.immedEvap=0.00
2017  208  irrig    envi.soilWater=2.80,fluxes.immedEvap=0.00
2017  212  irrig    envi.soilWater=2.80,fluxes.immedEvap=0.00
2017  216  irrig    envi.soilWater=2.80,fluxes.immedEvap=0.00
2017  220  irrig    envi.soilWater=2.80,fluxes.immedEvap=0.00
2017  224  irrig    envi.soilWater=2.80,fluxes.immedEvap=0.00
2017  228  irrig    envi.soilWater=2.80,fluxes.immedEvap=0.00
2017  232  irrig    envi.soilWater=2.80,fluxes.immedEvap=0.00
2017  236  irrig    envi.soilWater=2.80,fluxes.immedEvap=0.00
2017  240  irrig    envi.soilWater=2.80,fluxes.immedEvap=0.00
2017  244  irrig    envi.soilWater=2.80,fluxes.immedEvap=0.00
2017  248  irrig    envi.soilWater=2.80,fluxes.immedEvap=0.00
2017  252  irrig    envi.soilWater=2.80,fluxes.immedEvap=0.00
2017  256  irrig    envi.soilWater=2.80,fluxes.immedEvap=0.00
2017  260  irrig    envi.soilWater=2.80,fluxes.immedEvap=0.00
2017  264  irrig    envi.soilWater=2.80,fluxes.immedEvap=0.00
2017  268  irrig    envi.soilWater=2.80,fluxes.immedEvap=0.00
2017  272  irrig    envi.soilWater=2.80,fluxes.immedEvap=0.00
2017  276  irrig    envi.soilWater=2.80,fluxes.immedEvap=0.00
2017  280  irrig    envi.soilWater=2.80,fluxes.immedEvap=0.00
2017  284  irrig    envi.soilWater=2.80,fluxes.immedEvap=0.00
2017  288  irrig    envi.soilWater=2.80,fluxes.immedEvap=0.00
2017  292  irrig    envi.soilWater=2.80,fluxes.immedEvap=0.00
2017  296  irrig    envi.soilWater=2.80,fluxes.immedEvap=0.00
2017  300  irrig    envi.soilWater=2.80,fluxes.immedEvap=0.00
2017  304  irrig    envi.soilWater=2.80,fluxes.immedEvap=0.00
2018   92  irrig    envi.soilWater=2.80,fluxes.immedEvap=0.00
2018   96  irrig    envi.soilWater=2.80,fluxes.immedEvap=0.00
2018  100  irrig    envi.soilWater=2.80,fluxes.immedEvap=0.00
2018  104  irrig    envi.soilWater=2.80,fluxes.immedEvap=0.00
2018  108  irrig    envi.soilWater=2.80,fluxes.immedEvap=0.00
2018  112  irrig    envi.soilWater=2.80,fluxes.immedEvap=0.00
2018  116  irrig    envi.soilWater=2.80,fluxes.immedEvap=0.00
2018  120  irrig    envi.soilWater=2.80,fluxes.immedEvap=0.00
2018  124  irrig    envi.soilWater=2.80,fluxes.immedEvap=0.00
2018  128  irrig    envi.soilWater=2.80,fluxes.immedEvap=0.00
2018  132  irrig    envi.soilWater=2.80,fluxes.immedEvap=0.00
2018  136  irrig    envi.soilWater=2.80,fluxes.immedEvap=0.00
2018  140  irrig    envi.soilWater=2.80,fluxes.immedEvap=0.00
2018  144  irrig    envi.soilWater=2.80,fluxes.immedEvap=0.00
2018  148  irrig    envi.soilWater=2.80,fluxes.immedEvap=0.00
2018  152  irrig    envi.soilWater=2.80,fluxes.immedEvap=0.00
2018  156  irrig    envi.soilWater=2.80,fluxes.immedEvap=0.00
2018  160  irrig    envi.soilWater=2.80,fluxes.immedEvap=0.00
2018  164  irrig    envi.soilWater=2.80,fluxes.immedEvap=0.00
2018  168  irrig    envi.soilWater=2.80,fluxes.immedEvap=0.00
2018  172  irrig    envi.soilWater=2.80,fluxes.immedEvap=0.00
2018  176  irrig    envi.soilWater=2.80,fluxes.immedEvap=0.00
2018  180  irrig    envi.soilWater=2.80,fluxes.immedEvap=0.00
2018  184  irrig    envi.soilWater=2.80,fluxes.immedEvap=0.00
2018  188  irrig    envi.soilWater=2.80,fluxes.immedEvap=0.00
2018  192  irrig    envi.soilWater=2.80,fluxes.immedEvap=0.00
2018  196  irrig    envi.soilWater=2.80,fluxes.immedEvap=0.00
2018  200  irrig    envi.soilWater=2.80,fluxes.immedEvap=0.00
2018  204  irrig    envi.soilWater=2.80,fluxes.immedEvap=0.00
2018  208  irrig    envi.soilWater=2.80,fluxes.immedEvap=0.00
2018  212  irrig    envi.soilWater=2.80,fluxes.immedEvap=0.00
2018  216  irrig    envi.soilWater=2.80,fluxes.immedEvap=0.00
2018  220  irrig    envi.soilWater=2.80,fluxes.immedEvap=0.00
2018  224  irrig    envi.soilWater=2.80,fluxes.immedEvap=0.00
2018  228  irrig    envi.soilWater=2.80,fluxes.immedEvap=0.00
2018  232  irrig    envi.soilWater=2.80,fluxes.immedEvap=0.00
2018  236  irrig    envi.soilWater=2.80,fluxes.immedEvap=0.00
2018  240  irrig    envi.soilWater=2.80,fluxes.immedEvap=0.00
2018  244  irrig    envi.soilWater=2.80,fluxes.immedEvap=0.00
2018  248  irrig    envi.soilWater=2.80,fluxes.immedEvap=0.00
2018  252  irrig    envi.soilWater=2.80,fluxes.immedEvap=0.00
2018  256  irrig    envi.soilWater=2.80,fluxes.immedEvap=0.00
2018  260  irrig    envi.soilWater=2.80,fluxes.immedEvap=0.00
2018  264  irrig    envi.soilWater=2.80,fluxes.immedEvap=0.00
2018  268  irrig    envi.soilWater=2.80,fluxes.immedEvap=0.00
2018  272  irrig    envi.soilWater=2.80,fluxes.immedEvap=0.00
2018  276  irrig    envi.soilWater=2.80,fluxes.immedEvap=0.00
2018  280  irrig    envi.soilWater=2.80,fluxes.immedEvap=0.00
2018  284  irrig    envi.soilWater=2.80,fluxes.immedEvap=0.00
2018  288  irrig    envi.soilWater=2.80,fluxes.immedEvap=0.00
2018  292  irrig    envi.soilWater=2.80,fluxes.immedEvap=0.00
2018  296  irrig    envi.soilWater=2.80,fluxes.immedEvap=0.00
2018  300  irrig    envi.soilWater=2.80,fluxes.immedEvap=0.00
2018  304  irrig    envi.soilWater=2.80,fluxes.immedEvap=0.00
2019   92  irrig    envi.soilWater=2.80,fluxes.immedEvap=0.00
2019   96  irrig    envi.soilWater=2.80,fluxes.immedEvap=0.00
2019  100  irrig    envi.soilWater=2.80,fluxes.immedEvap=0.00
2019  104  irrig    envi.soilWater=2.80,fluxes.immedEvap=0.00
2019  108  irrig    envi.soilWater=2.80,fluxes.immedEvap=0.00
2019  112  irrig    envi.soilWater=2.80,fluxes.immedEvap=0.00
2019  116  irrig    envi.soilWater=2.80,fluxes.immedEvap=0.00
2019  120  irrig    envi.soilWater=2.80,fluxes.immedEvap=0.00
2019  124  irrig    envi.soilWater=2.80,fluxes.immedEvap=0.00
2019  128  irrig    envi.soilWater=2.80,fluxes.immedEvap=0.00
2019  132  irrig    envi.soilWater=2.80,fluxes.immedEvap=0.00
2019  136  irrig    envi.soilWater=2.80,fluxes.immedEvap=0.00
2019  140  irrig    envi.soilWater=2.80,fluxes.immedEvap=0.00
2019  144  irrig    envi.soilWater=2.80,fluxes.immedEvap=0.00
2019  148  irrig    envi.soilWater=2.80,fluxes.immedEvap=0.00
2019  152  irrig    envi.soilWater=2.80,fluxes.immedEvap=0.00
2019  156  irrig    envi.soilWater=2.80,fluxes.immedEvap=0.00
2019  160  irrig    envi.soilWater=2.80,fluxes.immedEvap=0.00
2019  164  irrig    envi.soilWater=2.80,fluxes.immedEvap=0.00
2019  168  irrig    envi.soilWater=2.80,fluxes.immedEvap=0.00
2019  172  irrig    envi.soilWater=2.80,fluxes.immedEvap=0.00
2019  176  irrig    envi.soilWater=2.80,fluxes.immedEvap=0.00
2019  180  irrig    envi.soilWater=2.80,fluxes.immedEvap=0.00
2019  184  irrig    envi.soilWater=2.80,fluxes.immedEvap=0.00
2019  188  irrig    envi.soilWater=2.80,fluxes.immedEvap=0.00
2019  192  irrig    envi.soilWater=2.80,fluxes.immedEvap=0.00
2019  196  irrig    envi.soilWater=2.80,fluxes.immedEvap=0.00
2019  200  irrig    envi.soilWater=2.80,fluxes.immedEvap=0.00
2019  204  irrig    envi.soilWater=2.80,fluxes.immedEvap=0.00
2019  208  irrig    envi.soilWater=2.80,fluxes.immedEvap=0.00
2019  212  irrig    envi.soilWater=2.80,fluxes.immedEvap=0.00
2019  216  irrig    envi.soilWater=2.80,fluxes.immedEvap=0.00
2019  220  irrig    envi.soilWater=2.80,fluxes.immedEvap=0.00
2019  224  irrig    envi.soilWater=2.80,fluxes.immedEvap=0.00
2019  228  irrig    envi.soilWater=2.80,fluxes.immedEvap=0.00
2019  232  irrig    envi.soilWater=2.80,fluxes.immedEvap=0.00
2019  236  irrig    envi.soilWater=2.80,fluxes.immedEvap=0.00
2019  240  irrig    envi.soilWater=2.80,fluxes.immedEvap=0.00
2019  244  irrig    envi.soilWater=2.80,fluxes.immedEvap=0.00
2019  248  irrig    envi.soilWater=2.80,fluxes.immedEvap=0.00
2019  252  irrig    envi.soilWater=2.80,fluxes.immedEvap=0.00
2019  256  irrig    envi.soilWater=2.80,fluxes.immedEvap=0.00
2019  260  irrig    envi.soilWater=2.80,fluxes.immedEvap=0.00
2019  264  irrig    envi.soilWater=2.80,fluxes.immedEvap=0.00
2019  268  irrig    envi.soilWater=2.80,fluxes.immedEvap=0.00
2019  272  irrig    envi.soilWater=2.80,fluxes.immedEvap=0.00
2019  276  irrig    envi.soilWater=2.80,fluxes.immedEvap=0.00
2019  280  irrig    envi.soilWater=2.80,fluxes.immedEvap=0.00
2019  284  irrig    envi.soilWater=2.80,fluxes.immedEvap=0.00
2019  288  irrig    envi.soilWater=2.80,fluxes.immedEvap=0.00
2019  292  irrig    envi.soilWater=2.80,fluxes.immedEvap=0.00
2019  296  irrig    envi.soilWater=2.80,fluxes.immedEvap=0.00
2019  300  irrig    envi.soilWater=2.80,fluxes.immedEvap=0.00
2019  304  irrig    envi.soilWater=2.80,fluxes.immedEvap=0.00
2020   92  irrig    envi.soilWater=2.80,fluxes.immedEvap=0.00
2020   96  irrig    envi.soilWater=2.80,fluxes.immedEvap=0.00
2020  100  irrig    envi.soilWater=2.80,fluxes.immedEvap=0.00
2020  104  irrig    envi.soilWater=2.80,fluxes.immedEvap=0.00
2020  108  irrig    envi.soilWater=2.80,fluxes.immedEvap=0.00
2020  112  irrig    envi.soilWater=2.80,fluxes.immedEvap=0.00
2020  116  irrig    envi.soilWater=2.80,fluxes.immedEvap=0.00
2020  120  irrig    envi.soilWater=2.80,fluxes.immedEvap=0.00
2020  124  irrig    envi.soilWater=2.80,fluxes.immedEvap=0.00
2020  128  irrig    envi.soilWater=2.80,fluxes.immedEvap=0.00
2020  132  irrig    envi.soilWater=2.80,fluxes.immedEvap=0.00
2020  136  irrig    envi.soilWater=2.80,fluxes.immedEvap=0.00
2020  140  irrig    envi.soilWater=2.80,fluxes.immedEvap=0.00
2020  144  irrig    envi.soilWater=2.80,fluxes.immedEvap=0.00
2020  148  irrig    envi.soilWater=2.80,fluxes.immedEvap=0.00
2020  152  irrig    envi.soilWater=2.80,fluxes.immedEvap=0.00
2020  156  irrig    envi.soilWater=2.80,fluxes.immedEvap=0.00
2020  160  irrig    envi.soilWater=2.80,fluxes.immedEvap=0.00
2020  164  irrig    envi.soilWater=2.80,fluxes.immedEvap=0.00
2020  168  irrig    envi.soilWater=2.80,fluxes.immedEvap=0.00
2020  172  irrig    envi.soilWater=2.80,fluxes.immedEvap=0.00
2020  176  irrig    envi.soilWater=2.80,fluxes.immedEvap=0.00
2020  180  irrig    envi.soilWater=2.80,fluxes.immedEvap=0.00
2020  184  irrig    envi.soilWater=2.80,fluxes.immedEvap=0.00
2020  188  irrig    envi.soilWater=2.80,fluxes.immedEvap=0.00
2020  192  irrig    envi.soilWater=2.80,fluxes.immedEvap=0.00
2020  196  irrig    envi.soilWater=2.80,fluxes.immedEvap=0.00
2020  200  irrig    envi.soilWater=2.80,fluxes.immedEvap=0.00
2020  204  irrig    envi.soilWater=2.80,fluxes.immedEvap=0.00
2020  208  irrig    envi.soilWater=2.80,fluxes.immedEvap=0.00
2020  212  irrig    envi.soilWater=2.80,fluxes.immedEvap=0.00
2020  216  irrig    envi.soilWater=2.80,fluxes.immedEvap=0.00
2020  220  irrig    envi.soilWater=2.80,fluxes.immedEvap=0.00
2020  224  irrig    envi.soilWater=2.80,fluxes.immedEvap=0.00
2020  228  irrig    envi.soilWater=2.80,fluxes.immedEvap=0.00
2020  232  irrig    envi.soilWater=2.80,fluxes.immedEvap=0.00
2020  236  irrig    envi.soilWater=2.80,fluxes.immedEvap=0.00
2020  240  irrig    envi.soilWater=2.80,fluxes.immedEvap=0.00
2020  244  irrig    envi.soilWater=2.80,fluxes.immedEvap=0.00
2020  248  irrig    envi.soilWater=2.80,fluxes.immedEvap=0.00
2020  252  irrig    envi.soilWater=2.80,fluxes.immedEvap=0.00
2020  256  irrig    envi.soilWater=2.80,fluxes.immedEvap=0.00
2020  260  irrig    envi.soilWater=2.80,fluxes.immedEvap=0.00
2020  264  irrig    envi.soilWater=2.80,fluxes.immedEvap=0.00
2020  268  irrig    envi.soilWater=2.80,fluxes.immedEvap=0.00
2020  272  irrig    envi.soilWater=2.80,fluxes.immedEvap=0.00
2020  276  irrig    envi.soilWater=2.80,fluxes.immedEvap=0.00
2020  280  irrig    envi.soilWater=2.80,fluxes.immedEvap=0.00
2020  284  irrig    envi.soilWater=2.80,fluxes.immedEvap=0.00
2020  288  irrig    envi.soilWater=2.80,fluxes.immedEvap=0.00
2020  292  irrig    envi.soilWater=2.80,fluxes.immedEvap=0.00
2020  296  irrig    envi.soilWater=2.80,fluxes.immedEvap=0.00
2020  300  irrig    envi.soilWater=2.80,fluxes.immedEvap=0.00
2020  304  irrig    envi.soilWater=2.80,fluxes.immedEvap=0.00
2021   92  irrig    envi.soilWater=2.80,fluxes.immedEvap=0.00
2021   96  irrig    envi.soilWater=2.80,fluxes.immedEvap=0.00
2021  100  irrig    envi.soilWater=2.80,fluxes.immedEvap=0.00
2021  104  irrig    envi.soilWater=2.80,fluxes.immedEvap=0.00
2021  108  irrig    envi.soilWater=2.80,fluxes.immedEvap=0.00
2021  112  irrig    envi.soilWater=2.80,fluxes.immedEvap=0.00
2021  116  irrig    envi.soilWater=2.80,fluxes.immedEvap=0.00
2021  120  irrig    envi.soilWater=2.80,fluxes.immedEvap=0.00
2021  124  irrig    envi.soilWater=2.80,fluxes.immedEvap=0.00
2021  128  irrig    envi.soilWater=2.80,fluxes.immedEvap=0.00
2021  132  irrig    envi.soilWater=2.80,fluxes.immedEvap=0.00
2021  136  irrig    envi.soilWater=2.80,fluxes.immedEvap=0.00
2021  140  irrig    envi.soilWater=2.80,fluxes.immedEvap=0.00
2021  144  irrig    envi.soilWater=2.80,fluxes.immedEvap=0.00
2021  148  irrig    envi.soilWater=2.80,fluxes.immedEvap=0.00
2021  152  irrig    envi.soilWater=2.80,fluxes.immedEvap=0.00
2021  156  irrig    envi.soilWater=2.80,fluxes.immedEvap=0.00
2021  160  irrig    envi.soilWater=2.80,fluxes.immedEvap=0.00
2021  164  irrig    envi.soilWater=2.80,fluxes.immedEvap=0.00
2021  168  irrig    envi.soilWater=2.80,fluxes.immedEvap=0.00
2021  172  irrig    envi.soilWater=2.80,fluxes.immedEvap=0.00
2021  176  irrig    envi.soilWater=2.80,fluxes.immedEvap=0.00
2021  180  irrig    envi.soilWater=2.80,fluxes.immedEvap=0.00
2021  184  irrig    envi.soilWater=2.80,fluxes.immedEvap=0.00
2021  188  irrig    envi.soilWater=2.80,fluxes.immedEvap=0.00
2021  192  irrig    envi.soilWater=2.80,fluxes.immedEvap=0.00
2021  196  irrig    envi.soilWater=2.80,fluxes.immedEvap=0.00
2021  200  irrig    envi.soilWater=2.80,fluxes.immedEvap=0.00
2021  204  irrig    envi.soilWater=2.80,fluxes.immedEvap=0.00
2021  208  irrig    envi.soilWater=2.80,fluxes.immedEvap=0.00
2021  212  irrig    envi.soilWater=2.80,fluxes.immedEvap=0.00
2021  216  irrig    envi.soilWater=2.80,fluxes.immedEvap=0.00
2021  220  irrig    envi.soilWater=2.80,fluxes.immedEvap=0.00
2021  224  irrig    envi.soilWater=2.80,fluxes.immedEvap=0.00
2021  228  irrig    envi.soilWater=2.80,fluxes.immedEvap=0.00
2021  232  irrig    envi.soilWater=2.80,fluxes.immedEvap=0.00
2021  236  irrig    envi.soilWater=2.80,fluxes.immedEvap=0.00
2021  240  irrig    envi.soilWater=2.80,fluxes.immedEvap=0.00
2021  244  irrig    envi.soilWater=2.80,fluxes.immedEvap=0.00
2021  248  irrig    envi.soilWater=2.80,fluxes.immedEvap=0.00
2021  252  irrig    envi.soilWater=2.80,fluxes.immedEvap=0.00
2021  256  irrig    envi.soilWater=2.80,fluxes.immedEvap=0.00
2021  260  irrig    envi.soilWater=2.80,fluxes.immedEvap=0.00
2021  264  irrig    envi.soilWater=2.80,fluxes.immedEvap=0.00
2021  268  irrig    envi.soilWater=2.80,fluxes.immedEvap=0.00
2021  272  irrig    envi.soilWater=2.80,fluxes.immedEvap=0.00
2021  276  irrig    envi.soilWater=2.80,fluxes.immedEvap=0.00
2021  280  irrig    envi.soilWater=2.80,fluxes.immedEvap=0.00
2021  284  irrig    envi.soilWater=2.80,fluxes.immedEvap=0.00
2021  288  irrig    envi.soilWater=2.80,fluxes.immedEvap=0.00
2021  292  irrig    envi.soilWater=2.80,fluxes.immedEvap=0.00
2021  296  irrig    envi.soilWater=2.80,fluxes.immedEvap=0.00
2021  300  irrig    envi.soilWater=2.80,fluxes.immedEvap=0.00
2021  304  irrig    envi.soilWater=2.80,fluxes.immedEvap=0.00
2022   92  irrig    envi.soilWater=2.80,fluxes.immedEvap=0.00
2022   96  irrig    envi.soilWater=2.80,fluxes.immedEvap=0.00
2022  100  irrig    envi.soilWater=2.80,fluxes.immedEvap=0.00
2022  104  irrig    envi.soilWater=2.80,fluxes.immedEvap=0.00
2022  108  irrig    envi.soilWater=2.80,fluxes.immedEvap=0.00
2022  112  irrig    envi.soilWater=2.80,fluxes.immedEvap=0.00
2022  116  irrig    envi.soilWater=2.80,fluxes.immedEvap=0.00
2022  120  irrig    envi.soilWater=2.80,fluxes.immedEvap=0.00
2022  124  irrig    envi.soilWater=2.80,fluxes.immedEvap=0.00
2022  128  irrig    envi.soilWater=2.80,fluxes.immedEvap=0.00
2022  132  irrig    envi.soilWater=2.80,fluxes.immedEvap=0.00
2022  136  irrig    envi.soilWater=2.80,fluxes.immedEvap=0.00
2022  140  irrig    envi.soilWater=2.80,fluxes.immedEvap=0.00
2022  144  irrig    envi.soilWater=2.80,fluxes.immedEvap=0.00
2022  148  irrig    envi.soilWater=2.80,fluxes.immedEvap=0.00
2022  152  irrig    envi.soilWater=2.80,fluxes.immedEvap=0.00
2022  156  irrig    envi.soilWater=2.80,fluxes.immedEvap=0.00
2022  160  irrig    envi.soilWater=2.80,fluxes.immedEvap=0.00
2022  164  irrig    envi.soilWater=2.80,fluxes.immedEvap=0.00
2022  168  irrig    envi.soilWater=2.80,fluxes.immedEvap=0.00
2022  172  irrig    envi.soilWater=2.80,fluxes.immedEvap=0.00
2022  176  irrig    envi.soilWater=2.80,fluxes.immedEvap=0.00
2022  180  irrig    envi.soilWater=2.80,fluxes.immedEvap=0.00
2022  184  irrig    envi.soilWater=2.80,fluxes.immedEvap=0.00
2022  188  irrig    envi.soilWater=2.80,fluxes.immedEvap=0.00
2022  192  irrig    envi.soilWater=2.80,fluxes.immedEvap=0.00
2022  196  irrig    envi.soilWater=2.80,fluxes.immedEvap=0.00
2022  200  irrig    envi.soilWater=2.80,fluxes.immedEvap=0.00
2022  204  irrig    envi.soilWater=2.80,fluxes.immedEvap=0.00
2022  208  irrig    envi.soilWater=2.80,fluxes.immedEvap=0.00
2022  212  irrig    envi.soilWater=2.80,fluxes.immedEvap=0.00
2022  216  irrig    envi.soilWater=2.80,fluxes.immedEvap=0.00
2022  220  irrig    envi.soilWater=2.80,fluxes.immedEvap=0.00
2022  224  irrig    envi.soilWater=2.80,fluxes.immedEvap=0.00
2022  228  irrig    envi.soilWater=2.80,fluxes.immedEvap=0.00
2022  232  irrig    envi.soilWater=2.80,fluxes.immedEvap=0.00
2022  236  irrig    envi.soilWater=2.80,fluxes.immedEvap=0.00
2022  240  irrig    envi.soilWater=2.80,fluxes.immedEvap=0.00
2022  244  irrig    envi.soilWater=2.80,fluxes.immedEvap=0.00
2022  248  irrig    envi.soilWater=2.80,fluxes.immedEvap=0.00
2022  252  irrig    envi.soilWater=2.80,fluxes.immedEvap=0.00
2022  256  irrig    envi.soilWater=2.80,fluxes.immedEvap=0.00
2022  260  irrig    envi.soilWater=2.80,fluxes.immedEvap=0.00
2022  264  irrig    envi.soilWater=2.80,fluxes.immedEvap=0.00
2022  268  irrig    envi.soilWater=2.80,fluxes.immedEvap=0.00
2022  272  irrig    envi.soilWater=2.80,fluxes.immedEvap=0.00
2022  276  irrig    envi.soilWater=2.80,fluxes.immedEvap=0.00
2022  280  irrig    envi.soilWater=2.80,fluxes.immedEvap=0.00
2022  284  irrig    envi.soilWater=2.80,fluxes.immedEvap=0.00
2022  288  irrig    envi.soilWater=2.80,fluxes.immedEvap=0.00
2022  292  irrig    envi.soilWater=2.80,fluxes.immedEvap=0.00
2022  296  irrig    envi.soilWater=2.80,fluxes.immedEvap=0.00
2022  300  irrig    envi.soilWater=2.80,fluxes.immedEvap=0.00
2022  304  irrig    envi.soilWater=2.80,fluxes.immedEvap=0.00
2023   92  irrig    envi.soilWater=2.80,fluxes.immedEvap=0.00
2023   96  irrig    envi.soilWater=2.80,fluxes.immedEvap=0.00
2023  100  irrig    envi.soilWater=2.80,fluxes.immedEvap=0.00
2023  104  irrig    envi.soilWater=2.80,fluxes.immedEvap=0.00
2023  108  irrig    envi.soilWater=2.80,fluxes.immedEvap=0.00
2023  112  irrig    envi.soilWater=2.80,fluxes.immedEvap=0.00
2023  116  irrig    envi.soilWater=2.80,fluxes.immedEvap=0.00
2023  120  irrig    envi.soilWater=2.80,fluxes.immedEvap=0.00
2023  124  irrig    envi.soilWater=2.80,fluxes.immedEvap=0.00
2023  128  irrig    envi.soilWater=2.80,fluxes.immedEvap=0.00
2023  132  irrig    envi.soilWater=2.80,fluxes.immedEvap=0.00
2023  136  irrig    envi.soilWater=2.80,fluxes.immedEvap=0.00
2023  140  irrig    envi.soilWater=2.80,fluxes.immedEvap=0.00
2023  144  irrig    envi.soilWater=2.80,fluxes.immedEvap=0.00
2023  148  irrig    envi.soilWater=2.80,fluxes.immedEvap=0.00
2023  152  irrig    envi.soilWater=2.80,fluxes.immedEvap=0.00
2023  156  irrig    envi.soilWater=2.80,fluxes.immedEvap=0.00
2023  160  irrig    envi.soilWater=2.80,fluxes.immedEvap=0.00
2023  164  irrig    envi.soilWater=2.80,fluxes.immedEvap=0.00
2023  168  irrig    envi.soilWater=2.80,fluxes.immedEvap=0.00
2023  172  irrig    envi.soilWater=2.80,fluxes.immedEvap=0.00
2023  176  irrig    envi.soilWater=2.80,fluxes.immedEvap=0.00
2023  180  irrig    envi.soilWater=2.80,fluxes.immedEvap=0.00
2023  184  irrig    envi.soilWater=2.80,fluxes.immedEvap=0.00
2023  188  irrig    envi.soilWater=2.80,fluxes.immedEvap=0.00
2023  192  irrig    envi.soilWater=2.80,fluxes.immedEvap=0.00
2023  196  irrig    envi.soilWater=2.80,fluxes.immedEvap=0.00
2023  200  irrig    envi.soilWater=2.80,fluxes.immedEvap=0.00
2023  204  irrig    envi.soilWater=2.80,fluxes.immedEvap=0.00
2023  208  irrig    envi.soilWater=2.80,fluxes.immedEvap=0.00
2023  212  irrig    envi.soilWater=2.80,fluxes.immedEvap=0.00
2023  216  irrig    envi.soilWater=2.80,fluxes.immedEvap=0.00
2023  220  irrig    envi.soilWater=2.80,fluxes.immedEvap=0.00
2023  224  irrig    envi.soilWater=2.80,fluxes.immedEvap=0.00
2023  228  irrig    envi.soilWater=2.80,fluxes.immedEvap=0.00
2023  232  irrig    envi.soilWater=2.80,fluxes.immedEvap=0.00
2023  236  irrig    envi.soilWater=2.80,fluxes.immedEvap=0.00
2023  240  irrig    envi.soilWater=2.80,fluxes.immedEvap=0.00
2023  244  irrig    envi.soilWater=2.80,fluxes.immedEvap=0.00
2023  248  irrig    envi.soilWater=2.80,fluxes.immedEvap=0.00
2023  252  irrig    envi.soilWater=2.80,fluxes.immedEvap=0.00
2023  256  irrig    envi.soilWater=2.80,fluxes.immedEvap=0.00
2023  260  irrig    envi.soilWater=2.80,fluxes.immedEvap=0.00
2023  264  irrig    envi.soilWater=2.80,fluxes.immedEvap=0.00
2023  268  irrig    envi.soilWater=2.80,fluxes.immedEvap=0.00
2023  272  irrig    envi.soilWater=2.80,fluxes.immedEvap=0.00
2023  276  irrig    envi.soilWater=2.80,fluxes.immedEvap=0.00
2023  280  irrig    envi.soilWater=2.80,fluxes.immedEvap=0.00
2023  284  irrig    envi.soilWater=2.80,fluxes.immedEvap=0.00
2023  288  irrig    envi.soilWater=2.80,fluxes.immedEvap=0.00
2023  292  irrig    envi.soilWater=2.80,fluxes.immedEvap=0.00
2023  296  irrig    envi.soilWater=2.80,fluxes.immedEvap=0.00
2023  300  irrig    envi.soilWater=2.80,fluxes.immedEvap=0.00
2023  304  irrig    envi.soilWater=2.80,fluxes.immedEvap=0.00
